// Vitest Snapshot v1, https://vitest.dev/guide/snapshot.html

exports[`ChatHeaderLoading.vue > to match snapshot 1`] = `
"<div data-v-c276062e="" class="chat-header-loading">
  <header data-v-c276062e=""><span data-v-c276062e=""><span class="unnnic-skeleton" style="background-color: rgb(232, 244, 244); animation: SkeletonLoading 1.5s ease-in-out infinite;"> ‌ </span></span><span data-v-c276062e=""><span class="unnnic-skeleton" style="background-color: rgb(232, 244, 244); animation: SkeletonLoading 1.5s ease-in-out infinite;"> ‌ </span></span></header>
</div>"
`;
