// Vitest Snapshot v1, https://vitest.dev/guide/snapshot.html

exports[`MessageManagerLoading.vue > to match snapshot 1`] = `"<div data-v-63c78ce3="" class="message-manager-loading"><span data-v-63c78ce3=""><span class="unnnic-skeleton" style="background-color: rgb(232, 244, 244); animation: SkeletonLoading 1.5s ease-in-out infinite;"> ‌ </span></span><span data-v-63c78ce3=""><span class="unnnic-skeleton" style="background-color: rgb(232, 244, 244); animation: SkeletonLoading 1.5s ease-in-out infinite;"> ‌ </span></span><span data-v-63c78ce3=""><span class="unnnic-skeleton" style="background-color: rgb(232, 244, 244); animation: SkeletonLoading 1.5s ease-in-out infinite;"> ‌ </span></span></div>"`;
