// Vitest Snapshot v1, https://vitest.dev/guide/snapshot.html

exports[`EditSector.vue > Should match the snapshot 1`] = `
"<section data-v-ac9ddd5b="" class="sector-edit-view">
  <header data-v-573bd910="" data-v-ac9ddd5b="" class="sector-edit-view__header" data-testid="sector-edit-view-header">
    <h1 data-v-573bd910="" class="header__title" data-testid="header-title">Setor Sector 1</h1>
    <p data-v-573bd910="" class="header__description" data-testid="header-description">config_chats.edit_sector.description</p>
  </header>
  <div data-v-b18efda3="" data-v-ac9ddd5b="" class="tab size-md" data-testid="sector-edit-view-tab-list">
    <header data-v-b18efda3="" class="tab-header">
      <ul data-v-b18efda3="" class="tab-content">
        <li data-v-b18efda3="" class="tab-head tab-head--active">sector.general
          <!---->
        </li>
        <li data-v-b18efda3="" class="tab-head">sector.extra_options
          <!---->
        </li>
        <li data-v-b18efda3="" class="tab-head">Filas
          <!---->
        </li>
        <li data-v-b18efda3="" class="tab-head">Mensagens r√°pidas
          <!---->
        </li>
      </ul>
    </header>
    <main data-v-b18efda3="" class="tab-body">
      <div data-v-b18efda3="" class="tab-panel"></div>
    </main>
  </div>
</section>"
`;
