// Vitest Snapshot v1, https://vitest.dev/guide/snapshot.html

exports[`SettingsHeader.vue > Should match the snapshot 1`] = `
<header
  class="settings-view__header"
  data-v-a59c663f=""
>
  <div
    class="unnnic-avatar-icon weni-600 sm"
    data-testid="settings-view-header-icon"
    data-v-a59c663f=""
    data-v-ecaaa6f3=""
  >
    <span
      class="material-symbols-rounded unnnic-icon-scheme--weni-600 unnnic-icon-size--md"
      data-testid="material-icon"
      data-v-76ceda5d=""
      data-v-ecaaa6f3=""
      translate="no"
    >
      settings
    </span>
  </div>
  <h1
    class="header__title"
    data-testid="settings-view-header-title"
    data-v-a59c663f=""
  >
    Chat Settings
  </h1>
</header>
`;
