// Vitest Snapshot v1, https://vitest.dev/guide/snapshot.html

exports[`SettingsHeader.vue > should match the snapshot 1`] = `
<div
  data-v-app=""
>
  
  <header
    class="settings-view__section-header"
    data-testid="settings-sectors-header"
    data-v-1088b44f=""
    data-v-f23b63f9=""
  >
    <p
      class="section-header__title"
      data-testid="section-header-title"
      data-v-f23b63f9=""
    >
      Sectors in Project 1
    </p>
    <p
      class="section-header__subtitle"
      data-testid="section-header-subtitle"
      data-v-f23b63f9=""
    >
      Add, view and manage sectors, queues, managers and agents within your organization.
    </p>
  </header>
  <section
    class="settings-sectors__filters"
    data-v-1088b44f=""
  >
    <div
      class="unnnic-form md"
      data-v-1088b44f=""
      data-v-24f2d284=""
    >
      <!---->
      <div
        class="text-input size--md text-input--icon-right-size-sm unnnic-form-input"
        data-v-24f2d284=""
        data-v-c1401a33=""
        mask=""
      >
        <input
          class="unnnic-form-input input-itself input size-md normal input--has-icon-left unnnic-form-input input-itself"
          data-v-0caa2ccb=""
          data-v-c1401a33=""
          hascloudycolor="false"
          iconleft="search-1"
          iconrightsize="sm"
          placeholder="Search"
          type="text"
          value=""
        />
        <svg
          class="unnnic-icon unnnic-icon__size--sm unnnic-icon-scheme--neutral-cloudy icon-left"
          data-testid="old-map-icons"
          data-v-9846e6db=""
          data-v-c1401a33=""
          fill="none"
          height="40"
          viewBox="0 0 40 40"
          width="40"
          xmlns="http://www.w3.org/2000/svg"
        >
          <path
            class="primary"
            d="M34.0615 35.0005C33.8116 35.0005 33.5754 34.903 33.3992 34.7256L25.2575 26.5826C24.3065 27.3961 23.2355 28.0597 22.067 28.5559C20.5312 29.2082 18.9178 29.5394 17.272 29.5394C15.7011 29.5394 14.1578 29.2382 12.6819 28.6421C9.64389 27.4161 7.26574 25.0817 5.98481 22.0662C4.70388 19.052 4.67263 15.7178 5.89858 12.6811C7.12452 9.64433 9.45894 7.26492 12.4732 5.98399C14.009 5.33041 15.6211 5.00049 17.2682 5.00049C18.8391 5.00049 20.3825 5.30291 21.8583 5.89776C24.8963 7.12371 27.2745 9.45812 28.5554 12.4736C29.8363 15.4891 29.8676 18.822 28.6416 21.8588C28.1393 23.1035 27.4469 24.2444 26.5809 25.2554L34.7251 33.4009C35.09 33.7658 35.09 34.3606 34.7251 34.7268C34.5477 34.903 34.3115 35.0005 34.0615 35.0005ZM17.2682 6.87502C15.8748 6.87502 14.5077 7.15495 13.2068 7.70856C10.6524 8.79454 8.67413 10.809 7.63564 13.3821C6.59715 15.9552 6.6234 18.7783 7.70813 21.3327C8.7941 23.887 10.8086 25.8653 13.3817 26.9038C14.6326 27.4086 15.9411 27.6636 17.2707 27.6636C18.6641 27.6636 20.0313 27.3836 21.3322 26.83C22.5494 26.3127 23.6404 25.5828 24.5739 24.6606C24.5864 24.6431 24.6002 24.6281 24.6139 24.6143C24.6339 24.5943 24.6526 24.5781 24.6701 24.5656C25.6236 23.6021 26.381 22.4499 26.9021 21.1565C27.9406 18.5833 27.9143 15.7603 26.8283 13.2059C25.7436 10.6516 23.7279 8.67332 21.1548 7.63483C19.9063 7.13121 18.5979 6.87502 17.2682 6.87502Z"
            fill="#3B414D"
          />
        </svg>
        <!---->
      </div>
      <!---->
    </div>
    <div
      class="order"
      data-v-1088b44f=""
      data-v-348024a5=""
    >
      <p
        class="label"
        data-v-348024a5=""
      >
        Order by: 
      </p>
      <section
        class="ordinators"
        data-v-348024a5=""
      >
        
        <div
          class="unnnic-radio-container unnnic-radio-container--md"
          data-v-348024a5=""
          data-v-abd1b195=""
        >
          <svg
            class="unnnic-icon unnnic-icon__size--md unnnic-icon-scheme--brand-weni unnnic-radio"
            data-testid="old-map-icons"
            data-v-9846e6db=""
            data-v-abd1b195=""
            fill="none"
            height="40"
            viewBox="0 0 40 40"
            width="40"
            xmlns="http://www.w3.org/2000/svg"
          >
            <circle
              class="primary"
              cx="20"
              cy="20.0005"
              fill="#3B414D"
              r="15"
            />
            <circle
              cx="20"
              cy="20.0005"
              fill="white"
              r="6.66667"
            />
          </svg>
          <span
            class="label"
            data-v-abd1b195=""
          >
            
            Alphabetical
            
          </span>
        </div>
        <div
          class="unnnic-radio-container unnnic-radio-container--md"
          data-v-348024a5=""
          data-v-abd1b195=""
        >
          <svg
            class="unnnic-icon unnnic-icon__size--md unnnic-icon-scheme--neutral-cleanest unnnic-radio"
            data-testid="old-map-icons"
            data-v-9846e6db=""
            data-v-abd1b195=""
            fill="none"
            height="40"
            viewBox="0 0 40 40"
            width="40"
            xmlns="http://www.w3.org/2000/svg"
          >
            <circle
              class="primary-stroke"
              cx="20"
              cy="20.0005"
              r="14.5"
              stroke="#3B414D"
            />
          </svg>
          <span
            class="label"
            data-v-abd1b195=""
          >
            
            Newer
            
          </span>
        </div>
        <div
          class="unnnic-radio-container unnnic-radio-container--md"
          data-v-348024a5=""
          data-v-abd1b195=""
        >
          <svg
            class="unnnic-icon unnnic-icon__size--md unnnic-icon-scheme--neutral-cleanest unnnic-radio"
            data-testid="old-map-icons"
            data-v-9846e6db=""
            data-v-abd1b195=""
            fill="none"
            height="40"
            viewBox="0 0 40 40"
            width="40"
            xmlns="http://www.w3.org/2000/svg"
          >
            <circle
              class="primary-stroke"
              cx="20"
              cy="20.0005"
              r="14.5"
              stroke="#3B414D"
            />
          </svg>
          <span
            class="label"
            data-v-abd1b195=""
          >
            
            Older
            
          </span>
        </div>
        
      </section>
    </div>
  </section>
  <section
    class="settings-view__sectors"
    data-v-1088b44f=""
  >
    <unnnic-card-stub
      buttonaction="[Function]"
      class="sectors__new-sector-card"
      clickable="false"
      data-testid="settings-sectors-blank-card"
      data-v-1088b44f=""
      enabled="true"
      hasinformationicon="true"
      icon="add"
      infoposition="right"
      invertedpercentage="false"
      percent="0"
      rating="0"
      scheme="aux-blue"
      text="New sector"
      type="blank"
    />
    
    <section
      class="unnnic-simple-card unnnic-simple-card--clickable sectors__card"
      data-testid="settings-sectors-sector-card"
      data-v-1088b44f=""
      data-v-80dbbab7=""
    >
      <section
        class="unnnic-simple-card__header"
        data-v-80dbbab7=""
      >
        <section
          class="unnnic-simple-card-header-container"
          data-v-80dbbab7=""
        >
          <h1
            class="unnnic-simple-card-header-container__title"
            data-v-80dbbab7=""
          >
            Sector 1
          </h1>
          <!---->
        </section>
        <section
          class="unnnic-simple-card__header-slot"
          data-v-80dbbab7=""
        >
          
          <div
            class="unnnic-dropdown"
            data-v-1088b44f=""
            data-v-36eb394f=""
          >
            <div
              class="unnnic-dropdown__trigger"
              data-v-36eb394f=""
            >
              
              <div
                class="unnnic-tooltip"
                data-v-1088b44f=""
                data-v-8c61d974=""
              >
                
                <button
                  class="unnnic-button unnnic-button--size-large unnnic-button--tertiary unnnic-button--icon-on-center"
                  data-testid="open-dropdown-menu-button"
                  data-v-1088b44f=""
                  data-v-d127031e=""
                >
                  <!---->
                  <!---->
                  <span
                    class="material-symbols-rounded unnnic-icon-scheme--neutral-dark unnnic-icon-size--md"
                    data-testid="icon-center"
                    data-v-9846e6db=""
                    data-v-d127031e=""
                    translate="no"
                  >
                    more_vert
                  </span>
                  <span
                    class="unnnic-button__label"
                    data-testid="button-label"
                    data-v-d127031e=""
                  >
                    
                    
                     
                  </span>
                  <!---->
                </button>
                
                <span
                  class="unnnic-tooltip-label unnnic-tooltip-label-left"
                  data-testid="tooltip-label"
                  data-v-8c61d974=""
                  style="left: -8px; top: 0px;"
                >
                  
                  
                  Delete or edit 
                  <br
                    data-v-8c61d974=""
                  />
                  
                  
                  <!---->
                </span>
              </div>
              
              <!---->
            </div>
          </div>
          
        </section>
      </section>
      <!---->
      <!---->
    </section>
    
  </section>
  <section
    class="settings-view__loading-sectors"
    data-testid="settings-sectors-loading-section"
    data-v-1088b44f=""
  >
    <img
      data-v-1088b44f=""
      src="/src/assets/LogoWeniAnimada4.svg"
      width="40"
    />
  </section>
  <!--v-if-->
  <!--v-if-->
  
</div>
`;
