// Vitest Snapshot v1, https://vitest.dev/guide/snapshot.html

exports[`ContactInfosLoading.vue > to match snapshot 1`] = `
"<div data-v-d64e10bd="" class="contact-infos-loading">
  <header data-v-d64e10bd="">
    <div data-v-d64e10bd=""><span class="unnnic-skeleton" style="background-color: rgb(232, 244, 244); animation: SkeletonLoading 1.5s ease-in-out infinite;"> ‌ </span></div>
  </header>
  <main data-v-d64e10bd="">
    <section data-v-d64e10bd="" class="contact-infos-loading__infos"><span data-v-d64e10bd=""><span class="unnnic-skeleton" style="background-color: rgb(232, 244, 244); animation: SkeletonLoading 1.5s ease-in-out infinite;"> ‌ </span></span><span data-v-d64e10bd=""><span class="unnnic-skeleton" style="background-color: rgb(232, 244, 244); animation: SkeletonLoading 1.5s ease-in-out infinite;"> ‌ </span></span>
      <div data-v-d64e10bd="" class="contact-infos-loading__infos__custom-fields"><span data-v-d64e10bd=""><span class="unnnic-skeleton" style="background-color: rgb(232, 244, 244); animation: SkeletonLoading 1.5s ease-in-out infinite;"> ‌ </span></span><span data-v-d64e10bd=""><span class="unnnic-skeleton" style="background-color: rgb(232, 244, 244); animation: SkeletonLoading 1.5s ease-in-out infinite;"> ‌ </span></span><span data-v-d64e10bd=""><span class="unnnic-skeleton" style="background-color: rgb(232, 244, 244); animation: SkeletonLoading 1.5s ease-in-out infinite;"> ‌ </span></span><span data-v-d64e10bd=""><span class="unnnic-skeleton" style="background-color: rgb(232, 244, 244); animation: SkeletonLoading 1.5s ease-in-out infinite;"> ‌ </span></span></div><span data-v-d64e10bd=""><span class="unnnic-skeleton" style="background-color: rgb(232, 244, 244); animation: SkeletonLoading 1.5s ease-in-out infinite;"> ‌ </span></span>
    </section>
    <section data-v-d64e10bd="" class="contact-infos-loading__transfers"><span data-v-d64e10bd=""><span class="unnnic-skeleton" style="background-color: rgb(232, 244, 244); animation: SkeletonLoading 1.5s ease-in-out infinite;"> ‌ </span></span>
      <div data-v-d64e10bd="" class="contact-infos-loading__transfers__radios"><span data-v-d64e10bd=""><span class="unnnic-skeleton" style="background-color: rgb(232, 244, 244); animation: SkeletonLoading 1.5s ease-in-out infinite;"> ‌ </span></span><span data-v-d64e10bd=""><span class="unnnic-skeleton" style="background-color: rgb(232, 244, 244); animation: SkeletonLoading 1.5s ease-in-out infinite;"> ‌ </span></span></div><span data-v-d64e10bd=""><span class="unnnic-skeleton" style="background-color: rgb(232, 244, 244); animation: SkeletonLoading 1.5s ease-in-out infinite;"> ‌ </span></span><span data-v-d64e10bd=""><span class="unnnic-skeleton" style="background-color: rgb(232, 244, 244); animation: SkeletonLoading 1.5s ease-in-out infinite;"> ‌ </span></span>
    </section>
    <section data-v-d64e10bd="" class="contact-infos-loading__attachments">
      <header data-v-d64e10bd=""><span data-v-d64e10bd=""><span class="unnnic-skeleton" style="background-color: rgb(232, 244, 244); animation: SkeletonLoading 1.5s ease-in-out infinite;"> ‌ </span></span><span data-v-d64e10bd=""><span class="unnnic-skeleton" style="background-color: rgb(232, 244, 244); animation: SkeletonLoading 1.5s ease-in-out infinite;"> ‌ </span></span></header>
      <div data-v-d64e10bd="" class="contact-infos-loading__attachments__medias"><span data-v-d64e10bd=""><span class="unnnic-skeleton" style="background-color: rgb(232, 244, 244); animation: SkeletonLoading 1.5s ease-in-out infinite;"> ‌ </span></span><span data-v-d64e10bd=""><span class="unnnic-skeleton" style="background-color: rgb(232, 244, 244); animation: SkeletonLoading 1.5s ease-in-out infinite;"> ‌ </span></span><span data-v-d64e10bd=""><span class="unnnic-skeleton" style="background-color: rgb(232, 244, 244); animation: SkeletonLoading 1.5s ease-in-out infinite;"> ‌ </span></span><span data-v-d64e10bd=""><span class="unnnic-skeleton" style="background-color: rgb(232, 244, 244); animation: SkeletonLoading 1.5s ease-in-out infinite;"> ‌ </span></span><span data-v-d64e10bd=""><span class="unnnic-skeleton" style="background-color: rgb(232, 244, 244); animation: SkeletonLoading 1.5s ease-in-out infinite;"> ‌ </span></span><span data-v-d64e10bd=""><span class="unnnic-skeleton" style="background-color: rgb(232, 244, 244); animation: SkeletonLoading 1.5s ease-in-out infinite;"> ‌ </span></span><span data-v-d64e10bd=""><span class="unnnic-skeleton" style="background-color: rgb(232, 244, 244); animation: SkeletonLoading 1.5s ease-in-out infinite;"> ‌ </span></span><span data-v-d64e10bd=""><span class="unnnic-skeleton" style="background-color: rgb(232, 244, 244); animation: SkeletonLoading 1.5s ease-in-out infinite;"> ‌ </span></span></div>
    </section>
  </main>
</div>"
`;
