// Vitest Snapshot v1, https://vitest.dev/guide/snapshot.html

exports[`TablePaginationLoading.vue > to match snapshot 1`] = `
"<section data-v-6dcaf26f="" class="table-pagination-loading"><span data-v-6dcaf26f="" class="table-pagination-loading__count"><span class="unnnic-skeleton" style="background-color: rgb(232, 244, 244); animation: SkeletonLoading 1.5s ease-in-out infinite;"> ‌ </span></span>
  <div data-v-6dcaf26f="" class="table-pagination-loading__pagination"><span data-v-6dcaf26f=""><span class="unnnic-skeleton" style="background-color: rgb(232, 244, 244); animation: SkeletonLoading 1.5s ease-in-out infinite; width: 36px; height: 36px;"> ‌ </span></span><span data-v-6dcaf26f=""><span class="unnnic-skeleton" style="background-color: rgb(232, 244, 244); animation: SkeletonLoading 1.5s ease-in-out infinite; width: 36px; height: 36px;"> ‌ </span></span><span data-v-6dcaf26f=""><span class="unnnic-skeleton" style="background-color: rgb(232, 244, 244); animation: SkeletonLoading 1.5s ease-in-out infinite; width: 36px; height: 36px;"> ‌ </span></span><span data-v-6dcaf26f=""><span class="unnnic-skeleton" style="background-color: rgb(232, 244, 244); animation: SkeletonLoading 1.5s ease-in-out infinite; width: 36px; height: 36px;"> ‌ </span></span><span data-v-6dcaf26f=""><span class="unnnic-skeleton" style="background-color: rgb(232, 244, 244); animation: SkeletonLoading 1.5s ease-in-out infinite; width: 36px; height: 36px;"> ‌ </span></span><span data-v-6dcaf26f=""><span class="unnnic-skeleton" style="background-color: rgb(232, 244, 244); animation: SkeletonLoading 1.5s ease-in-out infinite; width: 36px; height: 36px;"> ‌ </span></span><span data-v-6dcaf26f=""><span class="unnnic-skeleton" style="background-color: rgb(232, 244, 244); animation: SkeletonLoading 1.5s ease-in-out infinite; width: 36px; height: 36px;"> ‌ </span></span></div>
</section>"
`;
