// Vitest Snapshot v1, https://vitest.dev/guide/snapshot.html

exports[`RoomsTableLoading.vue > to match snapshot 1`] = `
"<section data-v-69f1dee3="" class="rooms-table-loading">
  <header data-v-69f1dee3="" class="rooms-table-loading__categories"><span data-v-69f1dee3=""><span class="unnnic-skeleton" style="background-color: rgb(232, 244, 244); animation: SkeletonLoading 1.5s ease-in-out infinite;"> ‌ </span></span><span data-v-69f1dee3=""><span class="unnnic-skeleton" style="background-color: rgb(232, 244, 244); animation: SkeletonLoading 1.5s ease-in-out infinite;"> ‌ </span></span><span data-v-69f1dee3=""><span class="unnnic-skeleton" style="background-color: rgb(232, 244, 244); animation: SkeletonLoading 1.5s ease-in-out infinite;"> ‌ </span></span><span data-v-69f1dee3=""><span class="unnnic-skeleton" style="background-color: rgb(232, 244, 244); animation: SkeletonLoading 1.5s ease-in-out infinite;"> ‌ </span></span><span data-v-69f1dee3=""><span class="unnnic-skeleton" style="background-color: rgb(232, 244, 244); animation: SkeletonLoading 1.5s ease-in-out infinite;"> ‌ </span></span></header>
  <section data-v-69f1dee3="" class="rooms-table-loading__row">
    <div data-v-69f1dee3="" class="rooms-table-loading__contact-info"><span data-v-69f1dee3=""><span class="unnnic-skeleton" style="background-color: rgb(232, 244, 244); animation: SkeletonLoading 1.5s ease-in-out infinite; height: 40px;"> ‌ </span></span><span data-v-69f1dee3=""><span class="unnnic-skeleton" style="background-color: rgb(232, 244, 244); animation: SkeletonLoading 1.5s ease-in-out infinite;"> ‌ </span></span></div><span data-v-69f1dee3="" class="rooms-table-loading__agent"><span class="unnnic-skeleton" style="background-color: rgb(232, 244, 244); animation: SkeletonLoading 1.5s ease-in-out infinite;"> ‌ </span></span>
    <div data-v-69f1dee3="" class="rooms-table-loading__tags"><span data-v-69f1dee3=""><span class="unnnic-skeleton" style="background-color: rgb(232, 244, 244); animation: SkeletonLoading 1.5s ease-in-out infinite;"> ‌ </span></span><span data-v-69f1dee3=""><span class="unnnic-skeleton" style="background-color: rgb(232, 244, 244); animation: SkeletonLoading 1.5s ease-in-out infinite;"> ‌ </span></span><span data-v-69f1dee3=""><span class="unnnic-skeleton" style="background-color: rgb(232, 244, 244); animation: SkeletonLoading 1.5s ease-in-out infinite;"> ‌ </span></span></div><span data-v-69f1dee3="" class="rooms-table-loading__date"><span class="unnnic-skeleton" style="background-color: rgb(232, 244, 244); animation: SkeletonLoading 1.5s ease-in-out infinite;"> ‌ </span></span><span data-v-69f1dee3="" class="rooms-table-loading__show"><span class="unnnic-skeleton" style="background-color: rgb(232, 244, 244); animation: SkeletonLoading 1.5s ease-in-out infinite;"> ‌ </span></span>
  </section>
  <section data-v-69f1dee3="" class="rooms-table-loading__row">
    <div data-v-69f1dee3="" class="rooms-table-loading__contact-info"><span data-v-69f1dee3=""><span class="unnnic-skeleton" style="background-color: rgb(232, 244, 244); animation: SkeletonLoading 1.5s ease-in-out infinite; height: 40px;"> ‌ </span></span><span data-v-69f1dee3=""><span class="unnnic-skeleton" style="background-color: rgb(232, 244, 244); animation: SkeletonLoading 1.5s ease-in-out infinite;"> ‌ </span></span></div><span data-v-69f1dee3="" class="rooms-table-loading__agent"><span class="unnnic-skeleton" style="background-color: rgb(232, 244, 244); animation: SkeletonLoading 1.5s ease-in-out infinite;"> ‌ </span></span>
    <div data-v-69f1dee3="" class="rooms-table-loading__tags"><span data-v-69f1dee3=""><span class="unnnic-skeleton" style="background-color: rgb(232, 244, 244); animation: SkeletonLoading 1.5s ease-in-out infinite;"> ‌ </span></span><span data-v-69f1dee3=""><span class="unnnic-skeleton" style="background-color: rgb(232, 244, 244); animation: SkeletonLoading 1.5s ease-in-out infinite;"> ‌ </span></span><span data-v-69f1dee3=""><span class="unnnic-skeleton" style="background-color: rgb(232, 244, 244); animation: SkeletonLoading 1.5s ease-in-out infinite;"> ‌ </span></span></div><span data-v-69f1dee3="" class="rooms-table-loading__date"><span class="unnnic-skeleton" style="background-color: rgb(232, 244, 244); animation: SkeletonLoading 1.5s ease-in-out infinite;"> ‌ </span></span><span data-v-69f1dee3="" class="rooms-table-loading__show"><span class="unnnic-skeleton" style="background-color: rgb(232, 244, 244); animation: SkeletonLoading 1.5s ease-in-out infinite;"> ‌ </span></span>
  </section>
  <section data-v-69f1dee3="" class="rooms-table-loading__row">
    <div data-v-69f1dee3="" class="rooms-table-loading__contact-info"><span data-v-69f1dee3=""><span class="unnnic-skeleton" style="background-color: rgb(232, 244, 244); animation: SkeletonLoading 1.5s ease-in-out infinite; height: 40px;"> ‌ </span></span><span data-v-69f1dee3=""><span class="unnnic-skeleton" style="background-color: rgb(232, 244, 244); animation: SkeletonLoading 1.5s ease-in-out infinite;"> ‌ </span></span></div><span data-v-69f1dee3="" class="rooms-table-loading__agent"><span class="unnnic-skeleton" style="background-color: rgb(232, 244, 244); animation: SkeletonLoading 1.5s ease-in-out infinite;"> ‌ </span></span>
    <div data-v-69f1dee3="" class="rooms-table-loading__tags"><span data-v-69f1dee3=""><span class="unnnic-skeleton" style="background-color: rgb(232, 244, 244); animation: SkeletonLoading 1.5s ease-in-out infinite;"> ‌ </span></span><span data-v-69f1dee3=""><span class="unnnic-skeleton" style="background-color: rgb(232, 244, 244); animation: SkeletonLoading 1.5s ease-in-out infinite;"> ‌ </span></span><span data-v-69f1dee3=""><span class="unnnic-skeleton" style="background-color: rgb(232, 244, 244); animation: SkeletonLoading 1.5s ease-in-out infinite;"> ‌ </span></span></div><span data-v-69f1dee3="" class="rooms-table-loading__date"><span class="unnnic-skeleton" style="background-color: rgb(232, 244, 244); animation: SkeletonLoading 1.5s ease-in-out infinite;"> ‌ </span></span><span data-v-69f1dee3="" class="rooms-table-loading__show"><span class="unnnic-skeleton" style="background-color: rgb(232, 244, 244); animation: SkeletonLoading 1.5s ease-in-out infinite;"> ‌ </span></span>
  </section>
  <section data-v-69f1dee3="" class="rooms-table-loading__row">
    <div data-v-69f1dee3="" class="rooms-table-loading__contact-info"><span data-v-69f1dee3=""><span class="unnnic-skeleton" style="background-color: rgb(232, 244, 244); animation: SkeletonLoading 1.5s ease-in-out infinite; height: 40px;"> ‌ </span></span><span data-v-69f1dee3=""><span class="unnnic-skeleton" style="background-color: rgb(232, 244, 244); animation: SkeletonLoading 1.5s ease-in-out infinite;"> ‌ </span></span></div><span data-v-69f1dee3="" class="rooms-table-loading__agent"><span class="unnnic-skeleton" style="background-color: rgb(232, 244, 244); animation: SkeletonLoading 1.5s ease-in-out infinite;"> ‌ </span></span>
    <div data-v-69f1dee3="" class="rooms-table-loading__tags"><span data-v-69f1dee3=""><span class="unnnic-skeleton" style="background-color: rgb(232, 244, 244); animation: SkeletonLoading 1.5s ease-in-out infinite;"> ‌ </span></span><span data-v-69f1dee3=""><span class="unnnic-skeleton" style="background-color: rgb(232, 244, 244); animation: SkeletonLoading 1.5s ease-in-out infinite;"> ‌ </span></span><span data-v-69f1dee3=""><span class="unnnic-skeleton" style="background-color: rgb(232, 244, 244); animation: SkeletonLoading 1.5s ease-in-out infinite;"> ‌ </span></span></div><span data-v-69f1dee3="" class="rooms-table-loading__date"><span class="unnnic-skeleton" style="background-color: rgb(232, 244, 244); animation: SkeletonLoading 1.5s ease-in-out infinite;"> ‌ </span></span><span data-v-69f1dee3="" class="rooms-table-loading__show"><span class="unnnic-skeleton" style="background-color: rgb(232, 244, 244); animation: SkeletonLoading 1.5s ease-in-out infinite;"> ‌ </span></span>
  </section>
</section>"
`;
