// Vitest Snapshot v1, https://vitest.dev/guide/snapshot.html

exports[`TriggeredFlowsLoading.vue > to match snapshot 1`] = `
"<section data-v-a20b9b94="" class="rooms-table-loading">
  <header data-v-a20b9b94="" class="rooms-table-loading__categories"><span data-v-a20b9b94=""><span class="unnnic-skeleton" style="background-color: rgb(232, 244, 244); animation: SkeletonLoading 1.5s ease-in-out infinite;"> ‌ </span></span><span data-v-a20b9b94=""><span class="unnnic-skeleton" style="background-color: rgb(232, 244, 244); animation: SkeletonLoading 1.5s ease-in-out infinite;"> ‌ </span></span><span data-v-a20b9b94=""><span class="unnnic-skeleton" style="background-color: rgb(232, 244, 244); animation: SkeletonLoading 1.5s ease-in-out infinite;"> ‌ </span></span><span data-v-a20b9b94=""><span class="unnnic-skeleton" style="background-color: rgb(232, 244, 244); animation: SkeletonLoading 1.5s ease-in-out infinite;"> ‌ </span></span><span data-v-a20b9b94=""><span class="unnnic-skeleton" style="background-color: rgb(232, 244, 244); animation: SkeletonLoading 1.5s ease-in-out infinite;"> ‌ </span></span></header>
  <section data-v-a20b9b94="" class="rooms-table-loading__row"><span data-v-a20b9b94=""><span class="unnnic-skeleton" style="background-color: rgb(232, 244, 244); animation: SkeletonLoading 1.5s ease-in-out infinite;"> ‌ </span></span><span data-v-a20b9b94=""><span class="unnnic-skeleton" style="background-color: rgb(232, 244, 244); animation: SkeletonLoading 1.5s ease-in-out infinite;"> ‌ </span></span><span data-v-a20b9b94=""><span class="unnnic-skeleton" style="background-color: rgb(232, 244, 244); animation: SkeletonLoading 1.5s ease-in-out infinite;"> ‌ </span></span><span data-v-a20b9b94=""><span class="unnnic-skeleton" style="background-color: rgb(232, 244, 244); animation: SkeletonLoading 1.5s ease-in-out infinite;"> ‌ </span></span><span data-v-a20b9b94=""><span class="unnnic-skeleton" style="background-color: rgb(232, 244, 244); animation: SkeletonLoading 1.5s ease-in-out infinite;"> ‌ </span></span></section>
  <section data-v-a20b9b94="" class="rooms-table-loading__row"><span data-v-a20b9b94=""><span class="unnnic-skeleton" style="background-color: rgb(232, 244, 244); animation: SkeletonLoading 1.5s ease-in-out infinite;"> ‌ </span></span><span data-v-a20b9b94=""><span class="unnnic-skeleton" style="background-color: rgb(232, 244, 244); animation: SkeletonLoading 1.5s ease-in-out infinite;"> ‌ </span></span><span data-v-a20b9b94=""><span class="unnnic-skeleton" style="background-color: rgb(232, 244, 244); animation: SkeletonLoading 1.5s ease-in-out infinite;"> ‌ </span></span><span data-v-a20b9b94=""><span class="unnnic-skeleton" style="background-color: rgb(232, 244, 244); animation: SkeletonLoading 1.5s ease-in-out infinite;"> ‌ </span></span><span data-v-a20b9b94=""><span class="unnnic-skeleton" style="background-color: rgb(232, 244, 244); animation: SkeletonLoading 1.5s ease-in-out infinite;"> ‌ </span></span></section>
  <section data-v-a20b9b94="" class="rooms-table-loading__row"><span data-v-a20b9b94=""><span class="unnnic-skeleton" style="background-color: rgb(232, 244, 244); animation: SkeletonLoading 1.5s ease-in-out infinite;"> ‌ </span></span><span data-v-a20b9b94=""><span class="unnnic-skeleton" style="background-color: rgb(232, 244, 244); animation: SkeletonLoading 1.5s ease-in-out infinite;"> ‌ </span></span><span data-v-a20b9b94=""><span class="unnnic-skeleton" style="background-color: rgb(232, 244, 244); animation: SkeletonLoading 1.5s ease-in-out infinite;"> ‌ </span></span><span data-v-a20b9b94=""><span class="unnnic-skeleton" style="background-color: rgb(232, 244, 244); animation: SkeletonLoading 1.5s ease-in-out infinite;"> ‌ </span></span><span data-v-a20b9b94=""><span class="unnnic-skeleton" style="background-color: rgb(232, 244, 244); animation: SkeletonLoading 1.5s ease-in-out infinite;"> ‌ </span></span></section>
  <section data-v-a20b9b94="" class="rooms-table-loading__row"><span data-v-a20b9b94=""><span class="unnnic-skeleton" style="background-color: rgb(232, 244, 244); animation: SkeletonLoading 1.5s ease-in-out infinite;"> ‌ </span></span><span data-v-a20b9b94=""><span class="unnnic-skeleton" style="background-color: rgb(232, 244, 244); animation: SkeletonLoading 1.5s ease-in-out infinite;"> ‌ </span></span><span data-v-a20b9b94=""><span class="unnnic-skeleton" style="background-color: rgb(232, 244, 244); animation: SkeletonLoading 1.5s ease-in-out infinite;"> ‌ </span></span><span data-v-a20b9b94=""><span class="unnnic-skeleton" style="background-color: rgb(232, 244, 244); animation: SkeletonLoading 1.5s ease-in-out infinite;"> ‌ </span></span><span data-v-a20b9b94=""><span class="unnnic-skeleton" style="background-color: rgb(232, 244, 244); animation: SkeletonLoading 1.5s ease-in-out infinite;"> ‌ </span></span></section>
</section>"
`;
