// Vitest Snapshot v1, https://vitest.dev/guide/snapshot.html

exports[`ViewButton > Snapshot > should match the snapshot 1`] = `
<section
  class="view-button-content"
  data-v-905ee5f6=""
>
  <button
    class="view-button"
    data-testid="header-btn"
    data-v-905ee5f6=""
    size="large"
    type="submit"
  >
    
    <p
      class="view-button__text"
      data-testid="header-text"
      data-v-905ee5f6=""
    >
      view-option
    </p>
    <span
      class="material-symbols-rounded unnnic-icon-scheme--neutral-darkest unnnic-icon-size--md"
      data-testid="header-icon-expand"
      data-v-905ee5f6=""
      data-v-9846e6db=""
      translate="no"
    >
      expand_more
    </span>
    
  </button>
</section>
`;
