// Vitest Snapshot v1, https://vitest.dev/guide/snapshot.html

exports[`StatusBar > Snapshot > should match snapshot 1`] = `
<header
  class="status-bar"
  data-testid="status-bar"
  data-v-c3dfd30e=""
>
  <section
    class="status-bar__selected"
    data-testid="status-bar-selected"
    data-v-c3dfd30e=""
  >
    <section
      class="status-bar__content"
      data-v-c3dfd30e=""
    >
      <section
        class="status-bar__icon"
        data-testid="status-bar-icon"
        data-v-c3dfd30e=""
        style="background-color: gray;"
      />
      <p
        class="status-bar__label"
        data-testid="selected-status-label"
        data-v-c3dfd30e=""
      >
        Offline
      </p>
      <!--v-if-->
    </section>
    <section
      class="status-bar__set-status"
      data-v-c3dfd30e=""
    >
      <p
        class="status-bar__set-status__label"
        data-v-c3dfd30e=""
      >
        status.set_status
      </p>
      <span
        class="material-symbols-rounded unnnic-icon-scheme--neutral-darkest unnnic-icon-size--md"
        data-testid="header-icon-expand"
        data-v-76ceda5d=""
        data-v-c3dfd30e=""
        translate="no"
      >
        expand_more
      </span>
    </section>
  </section>
  <!--v-if-->
</header>
`;
